// Jest Snapshot v1, https://goo.gl/fbAQLP

exports[`es hora de las instantaneas Snapshot 1`] = `
Object {
  "gender": "Male",
  "id": 1,
  "name": "Rick",
  "species": undefined,
  "status": "Alive",
}
`;
